// Jest Snapshot v1, https://goo.gl/fbAQLP

exports[`<AppointmentTimeButton /> 1`] = `null`;
