// Jest Snapshot v1, https://goo.gl/fbAQLP

exports[`<AppointmentTimeMobButton /> 1`] = `null`;
