// Jest Snapshot v1, https://goo.gl/fbAQLP

exports[`<AppointmentTypes /> slot data NOT recieved 1`] = `
<p
  data-testid="appointmentTypesLoading"
>
  Loading...
</p>
`;
