// Jest Snapshot v1, https://goo.gl/fbAQLP

exports[`<NewAppointmentHeader> 1`] = `<br />`;
