// Jest Snapshot v1, https://goo.gl/fbAQLP

exports[`<SubmitButton> 1`] = `<hr />`;
