// Jest Snapshot v1, https://goo.gl/fbAQLP

exports[`Group should match snapshot 1`] = `
<div
  className="group"
>
  <span
    className="whatever"
  >
    Some text, yeh!
  </span>
  <button
    className="whatever__button"
  >
    big CTA
  </button>
</div>
`;
