// Jest Snapshot v1, https://goo.gl/fbAQLP

exports[`Icon should match snapshot 1`] = `
<span
  className="icon icon--burgericon--no-tomato"
  title="burger"
/>
`;
