// Jest Snapshot v1, https://goo.gl/fbAQLP

exports[`BottomBar should match snapshot 1`] = `
<div
  className="bottom-bar"
/>
`;
